| case.cpp:59:10:59:16 | call to strncmp | Suffix length $@ can exceed the color-name length before this offset is passed to strncmp(), producing a pointer before the input buffer. | case.cpp:55:10:55:22 | suffix_length | suffix_length |
| case.cpp:83:10:83:16 | call to strncmp | Suffix length $@ can exceed the color-name length before this offset is passed to strncmp(), producing a pointer before the input buffer. | case.cpp:77:10:77:22 | suffix_length | suffix_length |
| case.cpp:95:10:95:16 | call to strncmp | Suffix length $@ can exceed the color-name length before this offset is passed to strncmp(), producing a pointer before the input buffer. | case.cpp:89:10:89:22 | suffix_length | suffix_length |
| case.cpp:119:10:119:16 | call to strncmp | Suffix length $@ can exceed the color-name length before this offset is passed to strncmp(), producing a pointer before the input buffer. | case.cpp:113:10:113:22 | suffix_length | suffix_length |
| case.cpp:127:10:127:16 | call to strncmp | Suffix length $@ can exceed the color-name length before this offset is passed to strncmp(), producing a pointer before the input buffer. | case.cpp:125:10:125:22 | suffix_length | suffix_length |