| case.cpp:66:20:66:26 | call to SetSize | JSON array count $@ is implicitly narrowed by SetSize() from icUInt32Number to icUInt16Number. Reject values above the SetSize() parameter maximum before allocation. | case.cpp:65:26:65:38 | call to icJsonSafeU32 | derived from JSON .size() |
| case.cpp:82:20:82:26 | call to SetSize | JSON array count $@ is implicitly narrowed by SetSize() from icUInt32Number to icUInt16Number. Reject values above the SetSize() parameter maximum before allocation. | case.cpp:79:26:79:38 | call to icJsonSafeU32 | derived from JSON .size() |
| case.cpp:90:20:90:26 | call to SetSize | JSON array count $@ is implicitly narrowed by SetSize() from icUInt32Number to icUInt16Number. Reject values above the SetSize() parameter maximum before allocation. | case.cpp:87:26:87:38 | call to icJsonSafeU32 | derived from JSON .size() |
| case.cpp:114:20:114:26 | call to SetSize | JSON array count $@ is implicitly narrowed by SetSize() from icUInt32Number to icUInt16Number. Reject values above the SetSize() parameter maximum before allocation. | case.cpp:111:26:111:38 | call to icJsonSafeU32 | derived from JSON .size() |